// Jest Snapshot v1, https://goo.gl/fbAQLP

exports[`App matches snapshot 1`] = `
<DocumentFragment>
  <div
    class="container"
  >
    <main />
    <footer />
  </div>
</DocumentFragment>
`;
